msdnn_pw_frac0.7_s0: train 25284 val 4515 test 4515 classes 62 leads 12 aug ()
init from checkpoints/pretrain/moco.pt: 193 tensors loaded, 2 left random (['fc.weight', 'fc.bias']...)
ep   0 lr 9.90e-03 train 2.7933 val 1.7096 best 1.7096@0 161s
ep   5 lr 9.40e-03 train 1.4999 val 1.4620 best 1.4620@5 306s
ep  10 lr 8.90e-03 train 1.3724 val 1.4003 best 1.3903@8 440s
ep  15 lr 8.40e-03 train 1.2631 val 1.3743 best 1.3712@12 559s
ep  20 lr 7.90e-03 train 1.2469 val 1.3686 best 1.3628@16 677s
ep  25 lr 7.40e-03 train 1.2169 val 1.3453 best 1.3453@22 780s
ep  30 lr 6.90e-03 train 1.1382 val 1.3732 best 1.3351@27 881s
ep  35 lr 6.40e-03 train 1.1509 val 1.3616 best 1.3351@27 999s
ep  40 lr 5.90e-03 train 1.0802 val 1.3630 best 1.3351@27 1117s
ep  45 lr 5.40e-03 train 1.0621 val 1.3809 best 1.3351@27 1236s
ep  50 lr 4.90e-03 train 1.0309 val 1.3904 best 1.3351@27 1354s
ep  55 lr 4.40e-03 train 0.9934 val 1.3932 best 1.3351@27 1473s
ep  60 lr 3.90e-03 train 0.9199 val 1.4295 best 1.3351@27 1584s
ep  65 lr 3.40e-03 train 0.8817 val 1.4586 best 1.3351@27 1682s
ep  70 lr 2.90e-03 train 0.8847 val 1.4584 best 1.3351@27 1781s
ep  75 lr 2.40e-03 train 0.8679 val 1.5006 best 1.3351@27 1885s
ep  80 lr 1.90e-03 train 0.8802 val 1.5059 best 1.3351@27 1990s
ep  85 lr 1.40e-03 train 0.8218 val 1.5232 best 1.3351@27 2095s
ep  90 lr 5.03e-04 train 0.7947 val 1.5229 best 1.3351@27 2200s
ep  95 lr 1.59e-05 train 0.7802 val 1.5297 best 1.3351@27 2304s
ep  99 lr 1.00e-06 train 0.7494 val 1.5300 best 1.3351@27 2388s
msdnn_pw_frac0.7_s0 done in 39.8 min: test AUROC 0.9441 AUPRC 0.3607 F1 0.3678
