cpsc_pw_aug_f3: train 4710 val 529 test 907 classes 9 leads 12 aug ('freq', 'crop', 'cycle', 'channel')
init from checkpoints/pretrain/moco.pt: 193 tensors loaded, 2 left random (['fc.weight', 'fc.bias']...)
ep   0 lr 9.90e-03 train 5.8042 val 1.1624 best 1.1624@0 372s
ep   5 lr 9.40e-03 train 1.5183 val 0.6807 best 0.6807@5 405s
ep  10 lr 8.90e-03 train 1.1552 val 0.6439 best 0.6439@10 437s
ep  15 lr 8.40e-03 train 1.0369 val 0.6181 best 0.6181@15 468s
ep  20 lr 7.90e-03 train 1.2181 val 0.5981 best 0.5981@20 499s
ep  25 lr 7.40e-03 train 1.0914 val 0.6311 best 0.5981@20 530s
ep  30 lr 6.90e-03 train 0.9859 val 0.6354 best 0.5960@27 561s
ep  35 lr 6.40e-03 train 1.2723 val 0.6003 best 0.5851@31 593s
ep  40 lr 5.90e-03 train 1.1047 val 0.6124 best 0.5851@31 626s
ep  45 lr 5.40e-03 train 0.9829 val 0.6197 best 0.5851@31 659s
ep  50 lr 4.90e-03 train 0.9494 val 0.6117 best 0.5825@47 691s
ep  55 lr 4.40e-03 train 0.8737 val 0.5903 best 0.5825@47 726s
ep  60 lr 3.90e-03 train 0.6891 val 0.6511 best 0.5825@47 765s
ep  65 lr 3.40e-03 train 0.8254 val 0.6425 best 0.5825@47 803s
ep  70 lr 2.90e-03 train 0.8962 val 0.6620 best 0.5825@47 834s
ep  75 lr 2.40e-03 train 1.0169 val 0.6707 best 0.5825@47 859s
ep  80 lr 1.90e-03 train 0.7068 val 0.6745 best 0.5825@47 884s
ep  85 lr 1.40e-03 train 0.7534 val 0.6574 best 0.5825@47 908s
ep  90 lr 5.11e-04 train 0.7889 val 0.6490 best 0.5825@47 932s
ep  95 lr 1.62e-05 train 0.7841 val 0.6460 best 0.5825@47 956s
ep  99 lr 1.02e-06 train 0.5818 val 0.6496 best 0.5825@47 974s
cpsc_pw_aug_f3 done in 16.7 min: test AUROC 0.9618 AUPRC 0.8282 F1 0.7807
