exams_part10.zip 19749
exams_part1.zip 19735
exams_part14.zip 19758
exams_part12.zip 19758
exams_part13.zip 19727
exams_part0.zip 19733
exams_part16.zip 19780
exams_part15.zip 19733
exams_part11.zip 19768
exams_part17.zip 5726
exams_part2.zip 19748
exams_part3.zip 19777
exams_part4.zip 19773
exams_part5.zip 19757
exams_part8.zip 19724
exams_part6.zip 19735
exams_part7.zip 19774
exams_part9.zip 19757
CODE-15 per-lead scale: [0.509 0.508 0.543 0.498 0.528 0.525 0.595 0.707 0.594 0.577 0.576 0.593]
code15 (341512, 5000, 12)
